========================================
Parallel light: Mirror / Detector simulation
========================================

[Configuration]
  main_config             : configs/official_tests/perfect_parallel_raytrace_structure_whiteboard.cfg
  runtime_config          : configs/simulation_fast_reflectivity.cfg

[Parallel source]
  mode                    : ParallelBeam
  n_bunches               : 10000000
  multiplicity            : 1.00000000
  wavelength_nm           : 400.00000000
  time_ns                 : 0.00000000
  photon_weight           : 1.00000000
  source_plane_z          : 1.00000000
  beam_radius_m           : 4.00000000
  beam_direction          : (0.00000000, 0.00000000, -1.00000000)
  random_seed             : 1229

[CMOS geometry]
  position_local          : (0.00000000, 0.00000000, -16.00000000)
  look_at_local           : (0.00000000, 0.00000000, -8.42280800)
  up_reference_local      : (0.00000000, 1.00000000, 0.00000000)
  position_global         : (-0.00000000, 0.00000000, -16.00000000)
  optical_axis_global     : (0.00000000, 0.00000000, 1.00000000)
  right_axis_global       : (0.00000000, -1.00000000, 0.00000000)
  up_axis_global          : (-1.00000000, 0.00000000, 0.00000000)
  focal_length_m          : 0.03500000
  f_number                : 1.80000000
  pupil_diameter_m        : 0.01944444
  horizontal_fov_deg      : 14.33000000
  vertical_fov_deg        : 10.77000000
  housing_width_m         : 0.17000000
  housing_height_m        : 0.18500000
  housing_depth_m         : 0.14000000

[Optics]
  target_plane_point      : (-0.00000000, 0.00000000, -8.42280800)
  mirror_reflectivity     : curve: configs/efficiency/mirror_reflectivity.csv
  mirror_reflectivity_mc  : enabled
  mirror_reflectivity_seed: 11400714819323197656
  first_hit_exclusivity   : enabled

[Obstruction]
  main_config_enabled     : true
  runtime_enabled         : true
  effective_enabled       : true
  primitive_count         : 22

[Results]
  total_parallel_rays     : 10000000
  mirror_geometry_hits    : 5893422
  detector_geometry_hits  : 6312
  both_geometry_hits      : 0
  neither_geometry_hits   : 4100266
  mirror_first            : 5893422
  detector_first          : 6312
  blocked_parallel_to_mirror: 957483
  final_parallel_mirror_hits: 4935939
  mean_configured_mirror_reflectivity: 0.89900000
  absorbed_by_mirror      : 498647
  reflected_by_mirror     : 4437292
  mirror_reflectivity_survival_fraction: 0.89897626
  reflected_rays_reaching_target_geometry: 4437292
  blocked_mirror_to_target: 144221
  final_target_hits       : 4293071
  blocked_parallel_to_detector: 6312
  detector_housing_first_hits: 0
  detector_side_or_back_hits: 0
  blocked_by_detector_front_housing: 0
  pupil_hits              : 0
  outside_fov             : 0
  inside_fov              : 0
  final_parallel_cmos_hits: 0
  parallel_to_mirror_transmission: 0.83753361
  mirror_to_target_transmission: 0.96749797
  parallel_to_detector_transmission: 0.00000000
  final_mirror_ratio      : 0.49359390
  final_target_ratio      : 0.42930710
  final_cmos_ratio        : 0.00000000

[Timing]
  trace_time_s            : 95.66152904
  csv_write_time_s        : 67.95883535
  total_time_s            : 163.64769595

========================================
Machine-readable summary
========================================
total_parallel_rays=10000000
mirror_geometry_hits=5893422
detector_geometry_hits=6312
both_geometry_hits=0
neither_geometry_hits=4100266
mirror_first=5893422
detector_first=6312
blocked_parallel_to_mirror=957483
final_parallel_mirror_hits=4935939
mean_configured_mirror_reflectivity=0.89900000
absorbed_by_mirror=498647
reflected_by_mirror=4437292
mirror_reflectivity_survival_fraction=0.89897626
reflected_rays_reaching_target_geometry=4437292
blocked_mirror_to_target=144221
final_target_hits=4293071
blocked_parallel_to_detector=6312
detector_housing_first_hits=0
detector_side_or_back_hits=0
blocked_by_detector_front_housing=0
pupil_hits=0
outside_fov=0
inside_fov=0
final_parallel_cmos_hits=0
parallel_to_mirror_transmission=0.83753361
mirror_to_target_transmission=0.96749797
parallel_to_detector_transmission=0.00000000
final_mirror_ratio=0.49359390
final_target_ratio=0.42930710
final_cmos_ratio=0.00000000
source_n_bunches=10000000
source_wavelength_nm=400.00000000
source_beam_radius_m=4.00000000
source_random_seed=1229
first_hit_exclusivity_enabled=1
mirror_reflectivity_mc_enabled=1
obstruction_enabled=1
primitive_count=22
target_output_csv=run_logs/official_tests/raytrace_structure_parallel/hits.csv
cmos_output_csv=parallel_cmos_hits.csv
